Md, Md, Md, Md, Hhd, Hhd, Hhd, Gs, Gs, Gs, Gs, Gs, Gs, Gs, Gs, Gs, Gs, Gs, Gs, Gs, Gs^Fdw, Gg, Gs^Fdw, Gg, Gs^Fdw, Gg, Gs^Fdw, Gg, Gs^Fdw, Gs^Fdw, Dd^Fdw, Gg
Md, Md, Md, Md, Md, Hhd, Hhd, Gs, Gs, Gs, Gs, Gs, Gs, Gs, Gs, Gs, Gs, Gs, Gs^Fdw, Gs^Fdw, Gs^Fdw, Gs^Fdw, Gs^Fdw, Gs^Fdw, Gs^Fdw, Gs^Fdw, Gs^Fdw, Gs^Fdw, Dd^Fdw, Dd^Fdw, Ds, Dd
Md, Md, Hhd, Md, Md, Md, Md, Hhd, Hhd, Gs, Gs, Gs, Rb, Rb^Vl, Rb, Gs, Gs, Gs, Gs^Fdw, Gs^Fdw, Ch^Ve, Kv, Ch, Gs^Fdw, Gs^Fdw, Gs^Fdw, Dd^Fdw, Dd^Fdw, Ds, Ds, Ww, Ds
Md, Hhd, Hhd, Hhd, Md, Md, Md, Hhd, Gs, Gs, Rb, Rb, Hh^Fdf, Hh^Fdf, Hh^Fdf, Rb, Rb, Gs, Gs^Efm, Gs^Fdw, Kv, Kv, Kv, Gs^Fdw, Gs^Fdw, Dd^Fdw, Ds, Ds, Ww, Ww, Ww, Ww
Hhd, Hhd, Hhd, Hhd, Md, Hhd^Vhhr, Md, Hhd, Hhd, Gs, Rb, Hh^Fdf, Hh^Fdf, Hh^Fdf, Hh^Fdf, Hh^Fdf, Rb, Gs^Efm, Gs^Efm, Gs^Efm, Gs^Efm, Ch, Gs^Fdw, Gs^Fdw, Gs^Fdw, Dd^Fdw, Ds, Ww, Ww, Ww, Ww, Ww
Hhd, Hhd, Hhd, Md, Gs, Gs, Gs, Md, Hhd, Gs, Rb, Hh^Fdf, Hh^Fdf, Hh^Fdf, Hh^Fdf, Hh^Fdf, Rb, Gs^Efm, Gs^Efm, Gs^Efm, Gs^Efm, Gs^Fdw, Gs^Fdw, Gs^Fdw, Dd^Fdw, Dd^Fdw, Ds, Ww, Ww, Ww, Ww, Ww
Hhd, Hhd, Md, Md, Md, Gs, Md, Md, Hhd, Gs, Rb, Hh^Fdf, Hh^Fdf, Hh^Fdf, Hh^Fdf, Hh^Fdf, Rb, Gs^Efm, Gs^Efm, Gs^Efm, Gs^Efm, Gs^Fdw, Gs^Fdw, Dd^Fdw, Ds, Ds, Ww, Ww, Ww, Ww, Ww, Ww
Hhd, Hhd, Md, Hhd, Hhd, Gs, Gs, Hhd, Gs, Gs, Rb, Hh^Fdf, Hh^Fdf, Hh^Fdf, Hh^Fdf, Hh^Fdf, Gll^Fdf, Rb, Rb, Rb, Rb, Gs^Fdw, Gs^Fdw, Dd^Fdw, Ds, Ww, Ww^Vm, Ww, Ww, Ww, Ww, Ww
Hhd, Hhd, Md, Hhd, Hhd, Gs, Gs, Gs, Rb, Rb, Gll^Fdf, Gll^Fdf, Gll^Fdf, Gll^Fdf, Gll^Fdf, Gll^Fdf, Gll^Fdf, Gll^Fdf, Gll^Fdf, Gll^Fdf, Gll^Fdf, Rb, Rb, Ds^Fdw, Ww, Ww, Ww, Ww, Ww, Ww, Ww, Ww
Gs, Qxe, Gs, Hhd, Hhd, Gs, Rb, Rb, Gll^Fdf, Gll, Gll, Gll^Fdf, Gll^Fdf, Gll^Fdf, Sm, Sm, Sm, Gll^Fdf, Gll^Fdf, Gll^Fdf, Gll^Fdf, Gll^Fdf, Ww, Ww, Ww, Ww, Gs^Efm, Gs^Efm, Gs^Efm, Ww, Ww, Ww
Gs, Qxe, Hhd, Gs, Hhd, Gs, Rb, Gll^Fdf, Gll^Fdf, Gll^Fdf, Gll, Gll^Fdf, Gll^Fdf, Sm, Sm, Sm, Sm, Sm, Sm, Gll^Fdf, Ww, Ww, Ww, Ww, Gs^Efm, Gs^Efm, Gs^Efm, Gs^Efm, Gs^Efm, Gs^Efm, Gs^Efm, Gs^Efm
Gs, Qxe, Hhd, Gs, Gs, Gs, Rb, Gll^Fdf, Gll^Fdf, Gll^Fdf, Gll, Gll^Fdf, Gll^Fdf, Sm, Sm^Vhs, Sm, Sm, Sm, Ww, Ww, Ww, Ww, Gll^Fdf, Rb, Rb, Gs^Efm, Rb, Rb, Rb, Gs^Efm, Rb, Gll^Fdf
Gs, Qxe, Qxe, Hhd, Hhd, Gs, Rb, Gll^Fdf, Gll^Fdf, Gll^Fdf, Gll^Fdf, Gll, Gll^Fdf, Sm, Gll^Fdf, Sm, Sm, Gll^Fdf, Gll, Ww, Gll^Fdf, Gll^Fdf, Gll^Fdf, Gll^Fdf, Gll^Fdf, Rb, Gs^Efm, Gs^Efm, Gs^Efm, Rb, Gll^Fdf, Rb
Gs, Gs, Gs, Qxe, Qxe, Gs, Gs, Rb, Gll^Fdf, Gll^Fdf, Gll^Fdf, Gll, Gll, Gll^Fdf, Gll^Fdf, Gll^Fdf, Gll^Fdf, Gll^Fdf, Gll, Gll^Fdf, Gll^Fdf, Gll^Fdf, Gll^Fdf, Gll^Fdf, Gll^Fdf, Rb, Gs^Efm, Gs^Efm, Gs^Efm, Gs^Efm, Gll^Fdf, Gll^Fdf
Gs, Gs, Gs, Gs, Qxe, Gs, Rb, Rb, Gs, Gll^Fdf, Rb^Eff, Gll^Fdf, Gll^Fdf, Gll, Gll, Gll, Gll, Gll, Gll^Fdf, Gll^Fdf, Gll^Fdf, Gll^Fdf, Gll^Fdf, Gll^Fdf, Rb, Rb, Gs^Efm, Gs^Efm, Gs^Efm, Gs^Efm, Gll^Fdf, Gll^Fdf
Gs, Gs, Gs, Gs, Qxu^Bh/, Rb, Gs, Gs, Rb^Eff, Rb^Eff, Rb^Gvs, Rb^Eff, Rb^Eff, Gll^Fdf, Gll^Fdf, Gll^Fdf, Gll^Fdf, Gll^Fdf, Gll^Fdf, Gll^Fdf, Rb^Eff, Gll^Fdf, Rb, Rb, Gll^Fdf, Gll^Fdf, Gll^Fdf, Gll^Fdf, Gll^Fdf, Gll^Fdf, Gll^Fdf, Gll^Fdf
Gs, Gs, Rb, Rb, Qxe, Gs, Gs^Eff, Rb^Eff, Rb^Wm, Rb^Gvs, Rb^Gvs, Rb^Gvs, Rb^Gvs, Rb^Eff, Rb^Eff, Gll^Fdf, Gll^Fdf, Gll^Fdf, Rb^Eff, Rb^Eff, Rb^Gvs, Rb^Eff, Gs^Wm, Gll^Fdf, Gll^Fdf, Gll^Fdf, Gll^Fdf, Gll^Fdf, Gll^Fdf, Gll^Fdf, Gll^Fdf, Gll^Fdf
Rb, Rb, Hhd, Hhd, Qxe, Hhd, Hhd, Gs^Eff, Gs^Eff, Rb^Gvs, Rb^Gvs, Rb^Gvs, Rb^Gvs, Rb^Gvs, Rb^Gvs, Rb^Eff, Rb^Eff, Rb^Eff, Rb^Eff, Rb^Gvs, Rb^Gvs, Rb^Gvs, Rb^Gvs, Rb, Rb^Eff, Gll^Fdf, Gll^Fdf, Gll^Fdf, Gll^Fdf, Gll^Fdf, Gll^Fdf, Gll^Fdf
Hhd, Rb, Xue, Xue, Uue, Xue, Xue, Hhd, Gs, Gs^Eff, Gs^Eff, Rb^Gvs, Gs^Vh, Rb^Gvs, Rb, Rb^Eff, Gs, Gs, Gs^Vh, Rb^Eff, Rb^Eff, Rb^Gvs, Rb^Gvs, Rb^Gvs, Rb^Gvs, Rb^Eff, Rb^Eff, Gll^Fdf, Gll^Fdf, Gll^Fdf, Gll^Fdf, Gll^Fdf
Hhd, Rb, Xue, Uue, Uue, Uue, Xue, Hhd, Gs, Gs, Gs, Gs^Eff, Gs^Eff, Rb^Eff, Rb, Rb, Rb, Gs, Rb, Gs, Gs, Rb^Eff, Rb^Eff, Rb^Gvs, Rb^Gvs, Rb^Gvs, Rb^Eff, Rb^Eff, Gs, Gll^Fdf, Gll^Fdf, Gs
Hhd, Rb, Xue, Uue, Uue, Uue, Uue, Hhd, Gs, Gs, Gs, Gs, Rb, Rb, Ce, Ce, Ce, Rb, Gs, Rb, Rb, Gs, Gs, Rb^Eff, Rb^Eff, Rb^Eff, Gs, Gs, Gs, Gs, Gs, Gs
Hhd, Rb, Hhd, Uue, Xue, Xue, Xue, Hhd, Rb, Rb, Rb, Rb, Gs, Rb, Ce, 1 Ke, Ce, Gs, Gs, Gs, Gs, Rb, Rb, Gs, Gs, Gs, Gs, Gs, Gs, Gs, Gs, Gs
Hhd, Rb, Rb, Hhd, Xue, Xue, Md, Hhd, Rb, Gs, Gs, Gs, Gs^Eff, Rb, Rb, Ce, Gs, Gs, Gs, Gs, Gs, Gs, Rb, Gs, Gs, Gs, Gs, Gs, Gs, Gs, Rb, Gs
Gs, Gs, Rb, Hhd, Hhd, Md, Md, Hhd, Rb, Gs, Rb^Eff, Gs^Eff, Gs^Vh, Gs, Gs, Rb, Gs, Gs, Gs^Vh, Gs, Rb^Eff, Gs, Rb, Gs, Rb, Rb, Rb, Gs, Rb, Rb, Hhd, Rb
Gll^Fp, Gs, Gs, Rb, Rb, Hhd, Hhd, Hhd, Rb^Eff, Rb^Eff, Rb^Gvs, Rb^Eff, Rb^Eff, Gs, Gs, Rb, Gs, Gs, Rb^Eff, Rb^Eff, Rb^Gvs, Rb^Eff, Rb^Eff, Rb, Gs, Gs, Hhd, Rb, Hhd, Hhd, Md, Hhd
Gll^Fp, Gll^Fp, Gll^Fp, Gs, Gs, Rb, Rb^Eff, Rb^Eff, Gs^Wm, Rb^Gvs, Rb^Gvs, Rb^Gvs, Rb^Eff, Rb^Eff, Gs, Rb, Rb^Eff, Rb^Eff, Rb^Gvs, Rb^Gvs, Rb^Gvs, Rb^Gvs, Hhd^Wm, Rb, Hhd, Hhd, Hhd, Hhd, Md^Xm, Md^Xm, Md^Xm, Md^Xm
Gll^Fp, Gll^Fp, Gll^Fp, Gll^Fp, Gll^Fp, Gs, Gs, Gs^Eff, Rb^Eff, Rb^Gvs, Rb^Eff, Rb^Eff, Gs, Gs, Rb, Rb, Rb^Eff, Rb^Eff, Rb^Gvs, Rb^Gvs, Rb^Eff, Rb^Eff, Hhd, Hhd, Md, Md, Md, Md^Xm, Md, Md, Md, Md
Gll^Fp, Gll^Fp, Gll^Fp, Gll^Fp, Gll^Fp, Gll^Fp, Gll^Fp, Gs, Gs, Rb^Eff, Gs, Gs, Rb, Rb, Gs, Gs, Gs, Rb^Eff, Rb^Eff, Rb^Eff, Gs, Hhd, Hhd, Md, Md, Md, Md, Md^Xm, Md^Xm, Md, Md, Md
Gll^Fp, Gll^Fp, Gll^Fp, Gll^Fp, Gll^Fp, Gll^Fp, Gll^Fp, Gll^Fp, Gs, Gs, Rb, Rb, Gs, Gs, Gs, Gs, Gs, Gs, Hhd, Rb, Rb, Gs, Gs, Hhd, Hhd, Md, Hhd^Vhh, Md, Md, Md^Xm, Md^Xm, Md
Gll^Fp, Gll^Fp, Gll^Fp, Gll^Fp, Gll^Fp, Gll^Fp, Gll^Fp, Gll^Fp, Gs, Rb, Gs, Gs, Gs, Gs, Gs, Gs, Gs, Gs, Hhd, Hhd, Hhd, Rb, Rb, Gs, Gs, Hhd, Hhd, Md, Md, Md, Md, Md^Xm
Gll^Fp, Gll^Fp, Gll^Fp, Gll^Fp, Gs, Gs, Gs, Gll^Fp, Gs, Rb, Gs, Gs, Gs, Gs, Gll^Fmf, Gs, Gs, Gs, Hhd, Hhd, Hhd, Hhd, Hhd, Rb, Rb, Gs, Gs, Hhd, Hhd, Md, Md, Md
Gll^Fp, Gll^Fp, Gs, Gs, Rb, Rb, Rb, Gs, Rb, Rb, Gs, Gs, Gll^Fmf, Gll^Fmf, Gll^Fmf, Gll^Fmf, Gll^Fmf, Hhd, Uue^Eff, Uue^Eff, Uue^Eff, Hhd, Hhd, Hhd, Hhd, Rb, Rb, Gs, Gs, Hhd, Hhd, Md
Gs, Gs, Rb, Rb, Gs, Gs, Gs, Rb, Gs, Gs, Gll^Fp, Gll, Gll, Gll^Fmf, Gll^Fmf, Gll^Fmf, Gll^Fmf, Uue^Eff, Uue^Eff, Uue, Uue, Uue^Eff, Uue^Eff, Hhd, Hhd, Hhd, Rb, Gs, Gs, Hhd, Hhd, Hhd
Rb, Rb, Gs, Gs, Gll^Fp, Gs, Gll^Fp, Gs, Gll^Fp, Gll^Fp, Gll^Fp, Gll^Fp, Gll, Gll^Fmf, Gll^Fmf, Gll^Fmf, Gll^Fmf, Gll^Fmf, Uue^Eff, Uue^Eff, Uue, Uue, Uue, Uue^Eff, Uue^Eff, Hhd, Rb, Gs, Hhd, Hhd, Hhd, Hhd
Gs, Gs, Gll^Fp, Gll^Fp, Gll^Fp, Gll^Fp, Gll^Fp, Gll^Fp, Gll^Fp, Gll^Fp, Gll^Fp, Gll^Fp, Gll^Fp, Gll, Gll^Fmf, Gll^Fmf, Gll^Fmf, Uue^Eff, Uue^Eff, Uue, Uue, Uue, Uue, Uue, Uue^Eff, Uue^Eff, Rb, Gs, Gs, Gs, Hhd, Hhd
Gll^Fp, Gll^Fp, Gll^Fp, Gll^Fp, Gll^Fp, Gll^Fp, Gll^Fp, Gll^Fp, Gll^Fp, Gll^Vl, Gll^Fp, Gll^Fp, Gll^Fp, Gll, Gll^Fmf, Gll^Fmf, Gll^Fmf, Gll^Fmf, Gs, Uue^Eff, Uue, Uue, Uue^Eff, Uue^Eff, Rb, Rb, Gs, Rb, Rb, Gs, Ww, Ww
Gll^Fp, Gll^Fp, Gll^Fp, Gll^Fp, Gll^Fp, Gll^Fp, Gll^Fp, Gll^Fp, Gll^Fp, Gll^Fp, Gll^Fp, Gll^Fp, Gll^Fp, Gll, Gll^Fmf, Gll^Fmf, Gll^Fmf, Gll^Fmf, Gs, Gs, Gs, Uue^Vl, Rb, Rb, Gs, Gs, Gs, Gs, Ww, Ww^Bw\, Rb, Gs
Gll, Gll^Fp, Gll^Fp, Gll^Fp, Gll^Fp, Gll^Fp, Gll^Fp, Gll^Fp, Gll^Fp, Gll^Fp, Gll^Fp, Gll^Fp, Gll, Gll, Gll^Fmf, Gll^Fmf, Gll^Fmf, Ss, Ss, Gs, Gs, Gs, Gs, Gs, Gs, Gs, Gs, Gs, Ww, Gs, Rb, Gs
Gll, Gll^Fp, Gll^Fp, Gll^Fp, Gll^Fp, Gll^Fp, Gll^Fp, Gll^Fp, Gll^Fp, Gll^Fp, Gll^Fp, Gll^Fp, Gll, Gll^Fmf, Gll^Fmf, Gll^Fmf, Gll^Fmf, Gll^Fmf, Ss, Ss, Ss, Gs, Ss, Gs, Gs, Gs, Gs, Gs, Ww, Gs, Rb, Gs
Gll, Gll^Fp, Gll^Fp, Gll^Fp, Gll, Gll, Gll, Gll, Gll, Gll^Fp, Gll, Gll, Gll^Fmf, Gll^Fmf, Gll^Fmf, Gll^Fmf, Ss, Ss, Ss, Ss, Ss, Ss, Ss, Ww, Gs, Gs, Gs, Gs, Ww, Gs, Rb, Gs
Gll, Gll^Fp, Gll, Gll, Gll^Fmf, Gll^Fmf, Gll^Fmf, Gll^Fmf, Gll^Fmf, Gll, Gll^Fmf, Gll^Fmf, Gll^Fmf, Gll^Fmf, Gll^Fmf, Gll^Fmf, Ss, Ss, Ss, Ss, Ss, Ss, Ss, Ww, Ww, Gs, Ww, Ww, Gs^Vh, Gs, Rb, Gs
Gs, Gll, Gll^Fmf, Gll^Fmf, Gll^Fmf, Gll^Fmf, Gll^Fmf, Gll^Fmf, Gll^Fmf, Gll^Fmf, Gll^Fmf, Gll^Fmf, Gll^Fmf, Gll^Fmf, Gs, Ss, Ss, Ss, Gs, Ss, Ss, Ss, Gs, Ww, Ww, Ww, Gs, Gs, Rb, Rb, Gs, Gs
