Gd, Gd, Re, Gd, Re, Gd, Gd, Ww, Ww, Ww, Ww, Ww, Ww, Ww, Gg^Efm, Gg, Gs^Fds, Gg, Gs^Fds, Gs^Fds, Gs^Fds, Gs^Fds, Gs^Fds, Gg, Gs^Fds, Gg, Gs^Fds, Gg, Gs^Fds, Gll, Gs^Fds, Gg, Gs^Fds, Gs^Fms, Gs^Fms, Gll^Fp, Gs^Fms, Gll^Fp, Gll^Fp, Gg, Gll^Fp, Gg, Gll^Fp, Gll^Fp, Gll^Fp, Gll^Fp, Gll^Fp, Gg, Gg, Gg, Gg, Gg
Gd, Gd, Gd, Re, Gd, Re, Re, Ww, Ww, Ww, Ww, Ww, Ww, Ww, Gg^Efm, Gs^Fds, Gs^Fds, Gs^Fds, Gs^Fds, Gs^Fds, Gs^Fds, Gs^Fds, Gs^Fds, Gs^Fds, Gs^Fds, Gs^Fds, Gs^Fds, Gs^Fds, Gs^Fds, Gll, Gs^Fds, Gs^Fds, Gs^Fms, Gs^Fms, Gs^Fms, Gs^Fms, Gs^Fms, Gs^Fms, Gll^Fp, Gll^Fp, Gll^Fp, Gll^Fp, Gll^Fp, Gll^Fp, Gll^Fp, Gll^Fp, Gll^Fp, Gll^Fp, Gg, Gg, Rb^Eff, Gg^Gvs
Gd, Gd, Gd, Gd, Gd^Vh, Gd^Vh, Gd^Vh, Re, Re, Ww, Ww, Ww, Ww, Gg^Efm, Gg^Efm, Gg^Efm, Gg^Efm, Gg^Efm, Gg^Efm, Gg^Efm, Gg^Efm, Gs^Fds, Gs^Fds, Gs^Fds, Gs^Fds, Gs^Fds, Gs^Fds, Gs^Fds, Gs^Fds, Gll, Gll, Gll, Gll, Gs^Fms, Gs^Fms, Gs^Fms, Gll^Fp, Gll^Fp, Gll^Fp, Gll^Fp, Gll^Fp, Gll^Fp, Gll^Fp, Gll^Fp, Gll^Fp, Gll^Fp, Rd, Rd^Vl, Rb^Eff, Rb^Eff, Rb^Gvs, Rb^Eff
Gd, Gd, Gd, Gd^Vh, Re, Re, Re, Re, Gd, Ww^Bw\, Ww, Ww, Gg^Efm, Gg^Efm, Gg^Efm, Gg^Efm, Gg^Efm, Gg^Efm, Gs^Fds, Gg^Efm, Gg^Efm, Gg^Efm, Gs^Fds, Gs^Fds, Gs^Fms, Gs^Fms, Gs^Fms, Gs^Fms, Gs^Fms, Gs^Fms, Gg^Efm, Gg^Efm, Gg^Efm, Gll, Gs^Fms, Gs^Fms, Gll^Fp, Gll^Fp, Gll^Fp, Gll^Fp, Gll^Fp, Gll^Fp, Gll^Fp, Gll^Fp, Rd, Rd^Vl, Rb^Eff, Rb, Rb^Gvs, Rb^Gvs, Rb^Gvs, Rb^Gvs
Gd, Gd, Gd, Gd^Vh, Re, Gd^Vhc, Re, Re, Ww^Bw\, Ww, Ww, Ww, Gg^Efm, Gg^Efm, Gg^Efm, Gg^Efm, Gg^Efm, Gg^Efm, Gg^Efm, Gg^Efm, Gs^Fds, Gs^Fds, Gs^Fds, Gs^Fms, Gs^Fms, Gs^Fms, Gs^Fms, Gs^Fms, Gg^Efm, Gg^Efm, Gg^Efm, Gg^Efm, Gg^Efm, Gll, Gll, Gll^Fp, Gll^Fp, Gll^Fp, Gll^Fp, Gll^Fp, Gll^Fp, Gll^Fp, Gll^Fp, Gll^Fp, Rd, Rb^Eff, Rb^Eff, Rb^Gvs, Rb^Gvs, Rb^Gvs, Rb^Gvs, Rb^Gvs
Gs, Gd, Gs, Gd^Vh, Re, Re, Gd^Wm, Re, Ww, Ww, Ww, Ww, Ds, Gg^Efm, Gg^Efm, Gg^Efm, Gs^Fds, Gs^Fds, Gs^Fds, Gg^Efm, Gs^Fds, Gs^Fds, Gs^Fds, Gs^Fms, Gs^Fms, Gs^Fms, Gs^Fms, Gs^Fms, Gg^Efm, Gg^Efm, Gg^Efm, Gg^Efm, Gs^Fms, Gs^Fms, Gll^Fp, Gll, Gll, Gll, Gll, Gll, Gll, Gg, Gg, Gll^Fp, Gg, Rd, Rd^Vh, Rb^Eff, Rb^Eff, Rb^Gvs, Rb^Gvs, Rb^Gvs
Re, Gs, Gs, Gs, Re, Gd, Gd, Re, Ww^Bw\, Ww, Ww, Ds, Gs, Gs^Fds, Gs^Fds, Gs^Fds, Gs^Fds, Gs^Fds, Gs^Fds, Gg^Efm, Gll, Gs^Fds, Gs^Fms, Gs^Fms, Gll^Fp, Gs^Fms, Gll^Fp, Gll^Fp, Gg^Efm, Gg^Efm, Gg^Efm, Gg^Efm, Gll^Fp, Gll^Fp, Gll^Fp, Gll^Fp, Gll, Gll^Fp, Gll^Fp, Gll^Fp, Gll^Fp, Gg, Gg, Gg, Gg, Rd, Rd, Rd^Wm, Rb^Eff, Rb^Eff, Rb^Eff, Rb^Gvs
Hh, Re, Re, Re, Gs, Gs, Gs, Ww, Ww, Ww, Ww, Ds, Gs, Gs^Fds, Gs^Fds, Gs^Fds, Gs^Efm, Gs^Efm, Gs^Efm, Gs^Fds, Gs^Fms, Gll, Gs^Fms, Gs^Fms, Gll^Fp, Gll^Fp, Gll^Fp, Gll^Fp, Gll^Fp, Gll^Fp, Gll^Fp, Gll^Fp, Gll^Fp, Gll^Fp, Gll, Gll^Fp, Gll, Gll^Fp, Gll^Fp, Gll^Fp, Gll^Fp, Gll^Fp, Gg, Gg, Rd, Rd, Rb^Eff, Rb, Rb^Gvs, Rb^Gvs, Rb^Gvs, Rb^Eff
Hhd, Hh, Hh, Hh, Hh, Gs, Gs, Ww, Ww, Ww, Ww, Ds, Gs, Gs^Fds, Gs^Fds, Gs^Fds, Gs^Efm, Cvr^Efm, Gs^Efm, Gs^Fms, Gs^Fms, Gll, Gs^Fms, Gll^Fp, Gll^Fp, Gll^Fp, Gll^Fp, Gll^Fp, Gll, Gll^Fp, Gll, Gll^Fp, Gll, Gll, Gll^Fp, Gll, Gll^Fp, Gll, Gll, Gll^Fp, Gll^Fp, Gll^Fp, Gll^Fp, Gg, Rd, Rb^Eff, Rb^Eff, Rb^Gvs, Rb^Gvs, Rb^Gvs, Rb^Gvs, Rb^Gvs
Md, Hhd, Hhd, Hhd, Hhd, Hh, Hh, Gs, Ww, Ww, Ww, Ds, Ds, Gs^Fds, Gs^Vct, Gs^Fds, Gs^Efm, Gs^Efm, Gs^Fms, Gs^Fms, Gll, Gll, Gll, Gll^Fp, Gll, Gll, Gll, Gll, Gll^Fp, Gll, Gll^Fp, Gll, Gll^Fp, Gll^Fp, Gll^Fp, Gll^Fp, Gll^Fp, Gll^Fp, Gll, Gll^Fp, Gll^Fp, Gll^Fp, Gll^Fp, Gll^Fp, Gll^Fp, Rd, Rd, Rb^Eff, Rb^Eff, Rb^Gvs, Rb^Gvs, Rb^Gvs
Md, Md, Md, Md, Md, Hhd, Hh, Gs, Ww, Ww, Ww, Ww, Ww, Ds, Ds, Gs^Ecf, Gs^Vct, Gs^Fms, Gs^Fms, Gs^Fms, Gll, Gll^Fp, Gll^Fp, Gll, Gll^Fp, Gll^Fp, Gll^Fp, Gll^Fp, Gll^Fp, Gll^Fp, Gll^Fp, Gll, Gll^Fp, Gll^Fp, Gll^Fp, Gll^Fp, Gll^Fp, Gll^Fp, Gll, Gll^Fp, Gll^Fp, Gll^Fp, Gll^Fp, Gll^Fp, Gll^Fp, Gll^Fp, Gg, Rd, Rd, Rb^Eff, Rb^Eff, Rb^Gvs
Md, Md, Md, Md, Md, Hhd, Hh, Gs, Ww, Ww, Ww, Ww, Ww, Ww, Ds, Gs, Gll^Fp, Gll^Fp, Gll, Gll, Gll^Fp, Gll^Fp, Gll^Fp, Gll^Fp, Gll^Fp, Gll^Fp, Gll^Fp, Gll^Fp, Sm, Sm, Sm, Gll^Fp, Gll^Fp, Gll^Fp, Gll^Fp, Gll^Fp, Gll^Fp, Gll^Fp, Gll, Gll^Fp, Gll^Fp, Gll^Fp, Gll^Fp, Gll^Fp, Gll^Fp, Gll^Fp, Gg, Gg, Gg, Rd, Rd, Rb^Eff
Md, Md, Md, Md, Md, Hhd, Hh, Gs, Ww, Ww, Ww, Ww, Ww, Ww, Ds, Gs, Gs, Gll^Fp, Gll, Gll^Fp, Gs, Gll^Fp, Gs, Gll^Fp, Gll^Fp, Gll^Fp, Sm, Sm, Ss, Ss, Ss, Gll^Fp, Gll^Fp, Gll^Vl, Gll, Gll, Gll^Vl, Gll^Fp, Gll^Fp, Gll, Gll, Gll^Fp, Gll^Fp, Gll^Fp, Gll^Fp, Gll^Fp, Gg, Gg, Gg, Gg, Rd, Gg
Md, Md, Md, Md, Md, Hhd, Hh, Gs, Gs, Gs, Ww, Ww, Ww, Ww, Ds, Ds, Ds, Gs, Gs, Gs, Gs, Gs, Ww, Gs, Ww, Sm, Ss, Ss, Ss, Ss, Ss, Gll^Fp, Gll^Fp, Gll^Fp, Gll, Gll, Gll, Gll^Fp, Gll^Fp, Gll^Fp, Gll, Gll^Fp, Gll^Fp, Gll^Fp, Gg, Gg, Gg, Gg, Gg, Gg, Rd, Gg
Md, Md, Md, Md, Hhd, Hhd, Hhd, Hh, Hh, Gs, Gs, Ww, Ww, Ww, Ww, Ds, Ds, Ds, Ds, Gs, Ww, Ww, Ww, Ww, Ww^Ewl, Ss, Ss, Ss, Ss, Ss, Sm, Gll^Fp, Gll^Fp, Gll^Vl, Gll, Gll, Gll, Gll^Fp, Gll^Fp, Gll^Fp, Gll, Gll^Fp, Gg, Gg, Gg, Gg, Rp, Rp, Rp, Rp, Rp, Gg
Md, Md, Md, Md, Md, Hhd, Hhd^Vhhr, Hhd, Hh, Gs, Gs, Gs, Ww, Ww, Ww, Ww, Ww, Ww, Ww, Ww, Ww^Ewl, Ww^Ewl, Ww^Ewl, Ww^Ewl, Ww^Ewf, Ww^Ewl, Ss, Ss, Sm, Sm, Gll^Fp, Gll^Fp, Gll^Fp, Gll^Fp, Gll^Fp, Gll^Fp, Gg, Gll^Fp, Gg, Gg, Gg, Gg, Gg, Gg, Rp, Rp, Rp, Rp, Rp, Rp, Rp, Rp
Md, Md, Md, Md, Md, Md, Md, Hhd^Eff, Hhd^Eff, Hh, Hh, Gs, Gs, Ww, Ww, Ww, Ww, Ww, Ww^Ewf, Ww^Ewf, Ww^Ewl, Ww^Ewf, Ww^Ewl, Ww^Ewf, Ww^Ewl, Ww^Ewl, Ss, Ss, Sm, Gll^Fp, Gll^Fp, Gll^Fp, Gll^Fp, Gll^Fp, Gg, Gg, Gg, Gg, Gg, Gg, Gg, Gg, Rp, Rp, Rp, Rp, Gg, Gg, Gg, Gg, Gg, Rp
Md, Md, Md, Md, Md, Md, Hhd^Vhh, Hhd^Vhh, Hhd^Eff, Hhd^Eff, Hh^Fp, Gs, Gs, Ww, Ww, Ww, Ww, Ww, Ww, Ww^Ewl, Ww^Ewl, Ww^Ewf, Ww, Ww^Ewf, Ww, Ww, Ww, Ww, Gll^Fp, Gll^Fp, Gll^Fp, Gll^Fp, Gll^Fp, Gll^Fp, Gg, Gg, Gg, Gg, Gg, Gg, Rp, Rp, Rp, Rp, Gg, Gg, Gg, Gg, Ww, Gg, Ww, Gg
Md, Md, Md, Md, Hhd^Vhh, Hhd, Hhd, Hhd^Eff, Hhd, Hhd, Hh^Fms, Hh^Fms, Gs, Gs, Ds, Ww, Ww, Ww, Ww, Ww, Ww, Ww, Ww, Ww, Hh, Hh, Hh, Hh, Re^Vhr, Gll^Fp, Gg, Gll^Fp, Gg, Gg, Gg, Gg, Gg, Gg, Rp, Rp, Rp, Rp, Gg, Gg, Ww, Ww, Ww, Ww, Ww, Ww, Ww, Ww
Hhd, Md, Hhd^Eff, Hhd^Vhh, Hhd^Eff, Hhd^Eff, Hhd, Hhd, Hh^Fp, Hh^Fp, Hh^Fms, Hh^Fms, Gs, Gs, Ds, Ww, Ww, Ww, Hh, Hh, Hh, Hh, Hh, Hh, Hh, Hh, Hh, Hh, Hh, Re, Re, Re, Re, Re, Re, Gg, Gg, Rp, Rp, Rp, Rd, Gg, Ww, Ww, Ww^Ewf, Ww, Ww^Ewl, Ww, Ww^Ewl, Ww, Ww, Ww
Hhd, Hhd, Hhd, Hhd^Eff, Hhd, Hhd, Hh, Hh^Fp, Hh^Fp, Hh^Fp, Hh^Fms, Gs, Ds, Ds, Ww, Ww, Ww, Ww, Hh, Hh, Mm, Hh, Hh, Hh, Hh, Hh, Hh, Hh, Hh, Hh, Hh, Hh, Hh, Hh, Hh, Re, Re, Rp, Rp, Gg, Gg, Ww^Bw\, Ww^Vhs, Ww^Ewl, Ww^Ewl, Ww^Ewl, Ww^Ewf, Ww^Ewf, Ww^Ewl, Ww, Ww, Ww
Hh^Fp, Hhd, Hh^Fp, Hhd, Hh^Fp, Hh^Fp, Hh, Hh^Fp, Hh^Fp, Hh^Fp, Hh^Fp, Hh^Fms, Ds, Ds, Ww, Ww, Ww, Ww, Hh, Hh^Vl, Hh, Hh, Rb^Eff, Rb^Eff, Rb^Eff, Hh, Hh, Hh, Hh, Hh, Hh, Hh, Hh, Hh, Hh, Hh, Re, Rp, Rp, Gg, Gg, Ww, Ww, Ww^Ewl, Ww^Ewf, Ww^Ewl, Ww^Ewl, Ww^Ewl, Ww, Ww, Ww, Gg
Hh^Fp, Hh^Fp, Hh^Fp, Hh^Fp, Hh^Fp, Hh^Fp, Hh, Hh^Fp, Hh^Fp, Hh^Fp, Hh^Fp, Hh^Fms, Ds^Vct, Ds, Ds, Ww^Bw/, Ww, Ww, Ww, Hh, Rb^Eff, Rb^Eff, Rb^Gvs, Rb^Wm, Rb^Gvs, Rb^Eff, Rb^Eff, Hh, Hh, Hh, Hh, Hh, Hh, Hh, Hh, Hh, Rp, Rp, Rp, Gg, Gg, Ww, Ww, Ww, Ww, Ww, Ww, Ww, Ww, Ww, Gg, Gg
Hh^Fms, Hh^Fp, Hh^Fp, Hh^Fp, Hh, Hh, Hh^Fp, Hh, Hh, Hh^Fp, Hh^Fp, Hh^Fms, Ds^Vct, Ds^Ecf, Ds, Ww, Ww^Bw/, Ww, Ww, Ww, Rb^Eff, Rb^Eff, Rb^Gvs, Rb^Gvs, Rb^Gvs, Rb^Gvs, Rb^Vh, Rb^Eff, Rp, Hh, Hh, Hh, Hh, Hh, Rp, Rp, Rp, Rp, Gg, Rp, Rp, Gg, Gg, Ww, Ket, Ww, Ket, Ww, Gg, Gg, Gg, Gg
Hh^Fp, Hh^Fp, Hh^Fp, Hh^Vl, Hh^Fp, Hh^Fp, Hh^Fp, Hh^Fp, Hh^Fp, Hh, Hh, Hh, Hh^Fms, Ds^Vct, Ds, Ds, Ww, Ww, Ww, Ww, Rb, Rb^Eff, Rb^Eff, Rb^Gvs, Rb^Vh, Rb^Gvs, Rp, Rp, Rp, Rp, Rp, Hh, Rp, Rp, Rp, Rp, Rrc, Gg, Kh, Gg, Gg, Rp, Rp, Rp, Gg, Ww^Pw|, Gg, Rp, Gg, Gg, Gg, Gg
Hh^Fms, Hh^Fms, Hh^Fms, Hh^Fp, Hh^Fp, Hh^Fp, Hh^Fp, Hh^Fp, Hh^Fp, Hh^Fp, Hh, Hh^Fms, Hh^Fms, Ds, Ds^Edt, Ds, Ww, Ww, Ww, Ww, Rb^Eff, Rb^Eff, Rb^Vh, Rb^Gvs, Rp, Rp, Rp, Rp, Rb^Vh, Rp, Rp, Rp, Rp, Rp, Gg, Rrc, Kh, Kh, Ch, Kh, Kh, Gg, Gg, Gg, Gg, Ww, Gg, Rp, Gg, Gg, Gg, Gg
Hh^Fds, Hh^Fms, Hh^Fds, Hh^Fms, Hh^Fms, Hh^Fp, Hh^Fp, Hh^Fp, Hh^Fp, Hh^Fp, Hh, Hh^Fms, Hh^Fms, Ds^Edt, Ds^Edt, Ds, Ww, Ww, Ww, Ww, Ww, Rb^Eff, Rp, Rp, Rp, Rp, Rb^Vh, Rb^Gvs, Rb^Gvs, Rb^Eff, Rb^Eff, Rp, Rd, Gg, Gg, Kh, Ch, Ch, Ch, Ch, Kh, Gg, Gg, Gg, Gg, Ww, Gg, Rp, Gg, Gg, Gg, Gg
Hh^Fds, Hh^Fds, Hh^Fds, Hh^Fms, Hh^Fms, Hh^Fms, Hh^Fms, Hh^Fp, Hh, Hh, Hh^Fms, Hh^Fms, Hh^Fms, Hh^Fms, Ds^Edt, Ds, Ds, Ww, Ww, Ww, Ww, Rp, Rp, Rp, Rb^Vh, Rb^Gvs, Rb^Gvs, Rb^Gvs, Rb^Gvs, Rb^Gvs, Rb^Gvs, Rb^Eff, Rb^Eff, Rd, Gg, Kh, Kh, Ch, Kh, Kh, Rrc, Gg, Ww, Gg, Ww, Ww, Gg, Rp, Gg, Gg, Gg, Gg
Gg, Hh^Fds, Hh^Fds, Hh^Fds, Hh^Fds, Hh^Fds, Hh^Fds, Hh^Fms, Hh, Hh^Fms, Hh^Fds, Hh^Fds, Hh^Fms, Hh^Fms, Hh^Fms, Ds^Edt, Ds, Ww, Ww, Ww, Ww, Rp, Rp, Rb^Eff, Rb^Eff, Rb^Gvs, Rb^Gvs, Rb^Gvs, Rb^Gvs, Rb^Wm, Rb^Eff, Rb^Eff, Gg, Rd, Gg, Gg, Gg, Kh, Gg, Rrc, Ww, Ww^Bsb\, Rp, Ww, Gg, Gg, Gg, Rp, Rd, Rd, Rd, Gg
Rb, Gg, Gg, Gg, Gg, Hh^Fds, Hh^Fds, Hh^Fds, Hh, Hh^Fds, Hh^Fds, Hh^Fds, Hh^Fds, Hh^Fms, Hh^Fms, Ds^Edt, Ds, Ww, Ww, Ww, Ww, Rp, Rp, Rb^Vh, Rb^Gvs, Rb^Eff, Rb^Eff, Rb^Gvs, Rb^Eff, Rb^Eff, Gg, Gg, Gg, Rd, Ww, Gg, Gg, Gg, Gg, Gg, Ww, Gg, Gg, Rp, Gg, Gg, Rp, Rp, Ket, Ket, Ket, Rd
Rb^Gvs, Rb^Eff, Rb^Eff, Gg, Rd^Vh, Gg, Gg, Gg, Rd, Hh^Fds, Hh^Fds, Hh^Fds, Hh^Fds, Hh^Fds, Hh^Fds, Hh^Fms, Ds, Ww, Ww, Ww, Ww, Rp, Rp, Rb^Gvs, Rb^Gvs, Rb^Gvs, Rb^Gvs, Rb^Eff, Rb^Eff, Gg, Gg, Gg, Ww, Ww^Bw|, Ww, Ww, Ww, Ww, Gg, Gg, Ww, Gg, Gg, Rp, Rp, Rp, Rd^Eff, Rd^Eff, Rd, Rd, Rd, Ket
Rb^Gvs, Rb^Gvs, Rb^Gvs, Rb, Rb^Eff, Rd^Wm, Rd, Rd, Rb^Eff, Rd, Rd, Hh^Fds, Hh^Fds, Hh^Fds, Hh^Fds, Hh^Fds, Ds, Ww, Ww, Ww, Ww, Rp, Rp, Rb^Vh, Rb^Gvs, Rb^Gvs, Rb^Gvs, Rb^Gvs, Rb^Wm, Rb^Eff, Rb^Eff, Gg, Ww, Ww^Vhs, Ww, Ww, Ww, Ww, Ww, Ww, Gg, Gg, Gg, Rp, Rd^Eff, Rd^Eff, Rd, Uue^Uf, Uue^Uf, Uue^Uf, Uue^Uf, Rd
Rb^Gvs, Rb^Gvs, Rb^Gvs, Rb^Gvs, Rb^Gvs, Rb^Eff, Rb^Eff, Rb^Eff, Rb^Gvs, Rb^Eff, Rb^Eff, Rd, Rd, Hh^Fds, Hh^Fds, Hh^Fds, Ds, Ww, Ww, Ww, Ww, Rp, Rp, Rb^Gvs, Rb^Gvs, Rb^Gvs, Rb^Gvs, Rb^Gvs, Rb^Eff, Rb^Eff, Gg, Gg, Gg, Ww, Ww, Ww, Wo, Ww, Ww, Ww, Ww, Gg, Gg, Rp, Rd, Rd^Eff, Ket, Rd^Dr, Uue^Uf, Rd^Dr, Uue^Uf, Rd^Dr
Rb^Eff, Rb^Gvs, Rb^Gvs, Rb^Gvs, Rb^Eff, Rb^Eff, Rb^Gvs, Rb^Gvs, Rb^Gvs, Rb^Gvs, Rb^Gvs, Rb^Eff, Rb, Rd^Wm, Rd^Vh, Hh^Fds, Rd, Ww, Ww, Ww, Ww^Bsb/, Rp, Rp, Rb^Vh, Rb^Gvs, Rb^Gvs, Rb^Eff, Rb^Eff, Gg, Gg, Gg, Gg, Gg, Gg, Ww, Ww, Wo, Wo, Wo, Ww, Ww, Gg, Gg, Rp, Rd, Ket, Ket, Rd^Dr, Rd^Dr, Rd^Dr, Rd^Dr, Rd^Dr
Gg, Rb^Eff, Rb^Eff, Rb^Eff, Gg^Eff, Rb^Gvs, Rb^Gvs, Rb^Gvs, Rb^Gvs, Rb^Gvs, Rb^Gvs, Rb^Gvs, Rb^Gvs, Rb^Eff, Gg^Eff, Rd, Rp, Ww, Ww^Bsb/, Ww^Bsb/, Ww, Rp, Rp, Rb^Eff, Rb^Eff, Rb^Eff, Gg, Gg, Rp, Rp, Rp, Gg, Gg, Gg, Ww, Ww, Ww, Wo, Ww, Ww, Ww, Ww, Gg, Rp, Rd^Eff, Rd^Eff, Ds, Ds, Dd^Dc, Ds, Dd^Dc, Ds
Gg, Gg, Gg, Gg, Gg, Gg^Eff, Gg^Eff, Rb^Gvs, Rb^Gvs, Rb^Gvs, Rb^Gvs, Rb^Gvs, Gg^Eff, Gg^Eff, Rp, Rp, Rp, Rp, Ww, Ww, Ww, Ww, Ww, Rp, Rp, Gg, Rp, Rp, Gg, Gg, Gg, Rp, Rp, Ket, Ww, Ww, Ww, Ww, Ww, Ww, Ww^Vhs, Ww^Bw/, Gg, Rp, Rd, Rd^Eff, Ket, Ds, Qxe^Bp|, Ds, Qxe^Bp|, Ds
Wo, Wo, Wo, Wo, Wo, Gg, Wo, Gg^Eff, Gg^Eff, Gg^Eff, Gg^Eff, Gg^Eff, Rp, Rp, Rp, Rp, Rp, Rp, Ww, Ww, Ww, Ww, Ww, Ww, Ww, Rp, Gg, Gg, Gg, Gg, Gg, Gg, Ww, Ww^Pw\, Ww^Pw\, Ket, Gg, Ww, Ww, Ww, Ww, Ww, Gg, Rp, Rd, Ket, Ket, Qxe, Aa, Qxe, Aa, Qxe
Ch, Ch, Ch, Ch, Ch, Wo, Kh, Wo, Wo, Wo, Wo^Bsb/, Rp, Rp, Rp, Re^Vct, Re^Vct, Re^Vct, Re^Vct, Re^Vct, Ww, Ww, Wo, Wo, Ww, Ww, Ww, Ww, Gg, Gg, Gg, Ww, Ww, Ww, Ww, Ds, Rp, Rp, Gg, Gg, Gg, Gg, Gg, Gg, Rp, Rd^Eff, Rd^Eff, Ss, Rd^Fet, Rd^Fet, Aa, Aa, Aa
Rrc, Rrc, Rrc, Rrc, Rrc, Kh^Ebn, Kh, Xoc^Efs, Rrc^Pr\o, Rr, Kh, Wo, Wo, Re, Re, Re^Ecf, Re, Re^Ecf, Re^Vct, Ww, Ww, Ww, Ww, Wo, Wo, Ww, Ww, Ww, Ww, Ww, Ww, Ww, Ds, Ds, Hh, Gg, Hh, Rp, Rp, Gg, Rp, Gg, Rp, Rp, Rd^Eff, Rd^Eff, Rd, Ss, Ss, Rd^Fet, Rd^Fet, Aa
Rrc, Rrc, Rr^Vhc, Rrc, Rrc, Rrc, Rrc, Rrc, Rrc, Xoc^Efs, Xoc^Efs, Kh, Kh, Wo, Wo, Re, Rp, Rp, Rp, Ww, Ww, Ww, Ww, Ww, Ww, Wo, Wo, Ww, Ww, Ww, Ww, Ds, Hh, Hh, Mm, Hh, Mm, Hh, Gg, Rp, Gg, Rp, Gg, Gg, Rd^Eff, Rd^Eff, Wo, Rd, Rd, Ss, Ss, Rd^Fet
Rr^Vhc, Rr^Vhc, Rd, Rr^Vhc, Rrc, Rrc, Rrc, Rrc, Rrc, Ch, Ch, Xoc^Efs, Rrc^Pr\o, Rr, Rr, Wo^Bsb/, Ww, Rp, Ww, Ww^Bsb\, Rp, Gg, Gg, Ww, Ww, Ww, Ww, Wo, Wo, Ww, Ww, Ds, Hh, Mm, Mm, Mm, Mm, Hh, Hh, Rp, Gg, Gg, Rd^Eff, Rd^Eff, Ww, Rd, Rd, Wo^Bw/, Wo, Rd, Rd, Ss
Rb, Rr^Vhc, Rrc, Rrc, Rrc, Rrc, Rr^Vhc, Rrc, Rrc, Rrc, Rrc, Rrc, Rrc, Xoc^Efs, Kh, Wo, Ww, Ww, Ww, Ww, Rp, Rp, Rp, Gg, Gg, Ww, Ww, Wo, Wo, Ww, Ww, Ds, Ds, Hh, Mm, Mm, Mm, Mm, Hh, Rp, Gg, Rd^Eff, Rd^Eff, Rd, Rd, Ww, Ww, Rd, Rd, Wo^Bw/, Wo, Rd
Rrc, Rrc, Rrc, Rrc, Rr^Vhc, Rr^Vhc, Rd, Rr^Vhc, Rrc, Rrc, Rrc, Rrc, Rrc, Kh, Kh^Ebn, Wo, Ww, Ww, Ww, Ww, Rd, Rp, Rp, Rp, Rp, Ww, Ww, Ww, Wo, Ww, Ww, Ww, Ds, Hh, Mm, Mm, Mm, Mm, Hh, Rp, Gg, Gg, Gg, Rd^Eff, Rd^Eff, Rd, Rd, Ww, Ww, Rd, Rd, Wo
Rrc, Rrc, Rr^Vhc, Rb^Edt, Rb^Edt, Rr^Vhc, Rrc, Rrc, Rrc, Rrc, Rr^Vhc, Rrc, Rrc, Rrc, Ch, Wo, Ww, Ww, Rd, Rd, Rb^Eff, Rb^Eff, Rb^Eff, Rp, Rp, Rp, Ww, Ww, Wo, Wo, Ww, Ww, Ds, Hh, Hh, Mm, Mm, Hh, Gg, Rp, Rp, Gg, Ce, Gg, Gg, Rd^Eff, Rd^Eff, Rd, Rd, Ww, Ww, Rd
Rr^Vhc, Rr^Vhc, Rd, Rr^Vhc, Rrc, Rrc, Rrc, Rrc, Rr^Vhc, Rr^Vhc, Rd, Rr^Vhc, Rrc, Rrc, Ch, Wo, Gg^Vh, Rd^Wm, Rb^Eff, Rb, Rb^Gvs, Rb^Gvs, Rb^Eff, Rb^Eff, Rp, Rp, Ww, Ww, Wo, Wo, Ww, Ww, Ww, Ds, Hh, Mm, Hh, Hh, Gg, Rp, Rd, Ket, Rd^Vct, Ce, Ce, Gg, Gg, Rd^Eff, Rd^Eff, Rd, Rd, Ww
Rb^Edt, Rr^Vhc, Rr, Rr, Rr, Rrc, Rb^Edt, Rr^Vhc, Rr^Vhc, Rr^Vhc, Rr^Vhc, Rr^Vhc, Rrc, Rrc, Ch, Wo, Gg^Eff, Rb^Eff, Rb^Gvs, Rb^Gvs, Rb^Gvs, Rb^Gvs, Rb^Eff, Rb^Eff, Rp, Rp, Ww, Ww, Wo, Wo, Wo, Ww, Ww, Ds, Gg, Hh, Gg, Gg, Gg, Ket, Rd, Rd, Rd, Rd, Rd^Vct, Ce, Ce, Gg, Gg, Rd^Eff, Rd^Eff, Rd
Rr, Rr, Rr, Rr, Rr^Vhc, Rr^Vhc, Rb, Rb^Edt, Rb^Edt, Rb^Edt, Rb^Edt, Rr^Vhc, Rrc, Rrc, Ch, Wo, Gg^Eff, Rb^Eff, Rb^Gvs, Rb^Gvs, Rb^Gvs, Rb^Gvs, Rb^Eff, Rb^Eff, Rp, Rp, Ww, Ww, Wo, Wo, Wo, Ww, Ww, Ds, Ds, Gg, Gg, Gg, Gg, Ce, Rd^Vct, Rd, Rd^Vct, Rd, Rd, Rd, Rd^Vct, Ce, Gg, Gg, Gg, Rd^Eff
Rrc, Rr, Rr, Rr, Rrc, Rr^Vhc, Rr^Vhc, Rr^Vhc, Rb^Edt, Rr^Vhc, Rr^Vhc, Rb^Edt, Rrc, Rrc, Ch, Wo, Gg, Rb^Eff, Rb^Eff, Rb^Gvs, Rb^Eff, Rb^Eff, Rd, Rp, Rp, Rp, Ww, Ww, Wo, Wo, Wo, Ww, Ww, Ww, Ds, Gg, Gg, Gg, Gg, Ce, Ce, Rd, Rd, Rd^Vct, Rd, Rd, Rd, Ket, Rp, Gg, Gg, Gg
Rrc, Rr^Vhc, Rr^Vhc, Rrc, Rrc, Rrc, Rrc, Rr^Vhc, Rb^Edt, Rr^Vhc, Rd, Rr^Vhc, Rrc, Rrc, Kh, Wo, Gg^Eff, Rb^Eff, Rb^Gvs, Rb^Eff, Rd^Wm, Rd^Vh, Rd, Rp, Rp, Ww, Ww, Ww, Wo, Wo, Wo, Ww, Ww, Ww, Ds, Gg, Gg, Gg, Gg, Ket, Ce, Rd^Vct, Rd^Vct, Rd, Rd^Vct, Rd, Rd^Vct, Rd, Rp, Gg, Gg, Gg
Rrc, Rr^Vhc, Rd, Rr^Vhc, Rr^Vhc, Rrc, Rrc, Rrc, Rrc, Rr^Vhc, Rr^Vhc, Rr^Vhc, Rrc, Kh^Ebn, Kh, Wo, Gg^Eff, Rb^Eff, Rb^Gvs, Rb^Gvs, Rb^Gvs, Rb^Eff, Rb^Eff, Rp, Rp, Ww, Ww, Ww, Wo, Wo, Wo, Wo, Ww, Ww, Ww, Ds, Gg, Gg, Gg, Gg, Gg, Ce, Ce, Ce, Ce, Ce, Ce, Ket, Gg, Rp, Rp, Gg
Rrc, Rr^Vhc, Rr^Vhc, Rr^Vhc, Rr^Vhc, Rr^Vhc, Rb^Edt, Rrc, Rrc, Rrc, Rrc, Rr^Vhc, Rrc, Rrc, Ch, Wo, Gg^Eff, Rb^Eff, Rb^Gvs, Rb^Gvs, Rb^Eff, Rb^Eff, Rb, Rp, Rp, Ww, Ww, Ww, Wo, Wo, Wo, Wo, Ww, Ww, Ww, Ds, Gg, Gg, Gg, Gg, Gg, Gg, Gg, Ket, Gg, Gg, Gg, Gg, Gg, Gg, Gg, Rp
Rrc, Rr^Vhc, Rb, Rb, Rb, Rb^Edt, Rr^Vhc, Rr^Vhc, Rr^Vhc, Rrc, Rrc, Rrc, Rrc, Rrc, Ch, Wo, Rb, Rb^Eff, Rb^Eff, Rb^Eff, Rb, Rb, Rb, Rp, Rp, Ww, Ww, Wo, Wo, Wo, Wo, Wo, Ww, Ww, Ww, Ds, Gg, Gg, Gg, Gg, Gg, Gg, Gg, Gg, Gg, Gg, Gg, Gg, Gg, Gg, Gg, Gg
